semantical error line 3 (invalid size type for array - cannot use "void" as "int")
