semantical error line 2 (redeclaration - id "bar")
