semantical error line 3 (invalid type for unary minus)
