semantical error line 2 (var not defined - id "a")
