semantical error line 4 (invalid comparison with indexed type(s))
