void main() {
    (while((1.000000:float)) {
    })
}
