semantical error line 3 (not a variable - id "main")
