semantical error line 3 (invalid assignment expression - cannot use "int[]" as "float[]")
