semantical error line 2 (invalid type for return - cannot use "void" as "int")
