semantical error line 2 (func not defined - id "foo")
