semantical error line 2 (invalid "if" expression - cannot use "void" as "int")
