semantical error line 3 (invalid comparison with indexed type(s))
