semantical error line 3 (invalid type for "if else" expression)
