void main() {
    int[] a;
    int b;
    b:int = (!(a:int[]):int);
}
