Ok Pre-If
Ok Inside-If
Ok After-If
Ok Pre-If
Ok After-If

Ok Pre-IfElse
Ok Inside-IfElse
Ok After-IfElse
Ok Pre-IfElse
Ok Inside-IfElse
Ok After-IfElse

Ok While

Ok KInt
Ok VarChar
Ok VarInt
Ok Call
Ok Minus
Ok Not
Ok Equal
Ok And
Ok Or
Ok Or
Ok Or
Ok Add
Ok Sub
Ok Mul
Ok Div
Ok GreaterThan
Ok LessThan
Ok GreaterEqual
Ok GreaterEqual
Ok LessEqual
Ok LessEqual

Ok And short-circuit
Ok Or short-circuit

Factorial
3628800

Print matrix a(ij) = (i >= j) 
[1] [0] [0] [0] [0] 
[1] [1] [0] [0] [0] 
[1] [1] [1] [0] [0] 
[1] [1] [1] [1] [0] 
[1] [1] [1] [1] [1] 
