10
5.500000
string
2
A
2.000000
10
20
30
5.000000
65
B
-10
0
2.000000
-1500
0.333333
