TK_STR - "outra string 0."
TK_INT - 98
TK_STR - ""
TK_STR - """
TK_STR - "
"
TK_STR - "	"
TK_STR - "\"
TK_STR - "ácëntôs âñà"
TK_STR - "umastring com	coisas
estranhas e outra"
TK_STR - "string"colada nessa string"
TK_ID - id
TK_STR - "string"
TK_FLOAT - 29.340000
TK_STR - "\"
scanner error line 10 (open string)
