TK_ID - A98hwedsfs
TK_ID - Nasdk123
TK_ID - Zs9d801
TK_ID - a_12397asda__
TK_ID - n123has_Sx
TK_ID - z123_sada_asD_
TK_ID - as______
TK_ID - ___
TK_ID - _
TK_ID - AzN18_
TK_ID - nA0_z
TK_ID - _a_Z09
TK_ID - Az123_as
!
TK_ID - asd12_
@
TK_INT - 3
TK_ID - fl
TK_INT - 7
TK_ID - _aojh
#
TK_ID - sodf
